../Core/Src/lsm9ds1_reg.c:49:9:lsm9ds1_read_reg	40	static
../Core/Src/lsm9ds1_reg.c:70:9:lsm9ds1_write_reg	40	static
../Core/Src/lsm9ds1_reg.c:93:9:lsm9ds1_from_fs2g_to_mg	16	static
../Core/Src/lsm9ds1_reg.c:98:9:lsm9ds1_from_fs4g_to_mg	16	static
../Core/Src/lsm9ds1_reg.c:103:9:lsm9ds1_from_fs8g_to_mg	16	static
../Core/Src/lsm9ds1_reg.c:108:9:lsm9ds1_from_fs16g_to_mg	16	static
../Core/Src/lsm9ds1_reg.c:113:9:lsm9ds1_from_fs245dps_to_mdps	16	static
../Core/Src/lsm9ds1_reg.c:118:9:lsm9ds1_from_fs500dps_to_mdps	16	static
../Core/Src/lsm9ds1_reg.c:123:9:lsm9ds1_from_fs2000dps_to_mdps	16	static
../Core/Src/lsm9ds1_reg.c:128:9:lsm9ds1_from_fs4gauss_to_mG	16	static
../Core/Src/lsm9ds1_reg.c:133:9:lsm9ds1_from_fs8gauss_to_mG	16	static
../Core/Src/lsm9ds1_reg.c:138:9:lsm9ds1_from_fs12gauss_to_mG	16	static
../Core/Src/lsm9ds1_reg.c:143:9:lsm9ds1_from_fs16gauss_to_mG	16	static
../Core/Src/lsm9ds1_reg.c:148:9:lsm9ds1_from_lsb_to_celsius	16	static
../Core/Src/lsm9ds1_reg.c:174:9:lsm9ds1_gy_full_scale_set	24	static
../Core/Src/lsm9ds1_reg.c:201:9:lsm9ds1_gy_full_scale_get	24	static
../Core/Src/lsm9ds1_reg.c:241:9:lsm9ds1_imu_data_rate_set	32	static
../Core/Src/lsm9ds1_reg.c:297:9:lsm9ds1_imu_data_rate_get	32	static
../Core/Src/lsm9ds1_reg.c:439:9:lsm9ds1_gy_orient_set	24	static
../Core/Src/lsm9ds1_reg.c:469:9:lsm9ds1_gy_orient_get	24	static
../Core/Src/lsm9ds1_reg.c:493:9:lsm9ds1_xl_flag_data_ready_get	24	static
../Core/Src/lsm9ds1_reg.c:514:9:lsm9ds1_gy_flag_data_ready_get	24	static
../Core/Src/lsm9ds1_reg.c:535:9:lsm9ds1_temp_flag_data_ready_get	24	static
../Core/Src/lsm9ds1_reg.c:556:9:lsm9ds1_gy_axis_set	24	static
../Core/Src/lsm9ds1_reg.c:582:9:lsm9ds1_gy_axis_get	24	static
../Core/Src/lsm9ds1_reg.c:603:9:lsm9ds1_xl_axis_set	24	static
../Core/Src/lsm9ds1_reg.c:631:9:lsm9ds1_xl_axis_get	24	static
../Core/Src/lsm9ds1_reg.c:653:9:lsm9ds1_xl_decimation_set	24	static
../Core/Src/lsm9ds1_reg.c:680:9:lsm9ds1_xl_decimation_get	24	static
../Core/Src/lsm9ds1_reg.c:723:9:lsm9ds1_xl_full_scale_set	24	static
../Core/Src/lsm9ds1_reg.c:750:9:lsm9ds1_xl_full_scale_get	24	static
../Core/Src/lsm9ds1_reg.c:794:9:lsm9ds1_block_data_update_set	40	static
../Core/Src/lsm9ds1_reg.c:837:9:lsm9ds1_block_data_update_get	40	static
../Core/Src/lsm9ds1_reg.c:867:9:lsm9ds1_mag_offset_set	32	static
../Core/Src/lsm9ds1_reg.c:893:9:lsm9ds1_mag_offset_get	32	static
../Core/Src/lsm9ds1_reg.c:917:9:lsm9ds1_mag_data_rate_set	32	static
../Core/Src/lsm9ds1_reg.c:975:9:lsm9ds1_mag_data_rate_get	32	static
../Core/Src/lsm9ds1_reg.c:1162:9:lsm9ds1_mag_full_scale_set	24	static
../Core/Src/lsm9ds1_reg.c:1189:9:lsm9ds1_mag_full_scale_get	24	static
../Core/Src/lsm9ds1_reg.c:1232:9:lsm9ds1_mag_flag_data_ready_get	24	static
../Core/Src/lsm9ds1_reg.c:1266:9:lsm9ds1_temperature_raw_get	24	static
../Core/Src/lsm9ds1_reg.c:1287:9:lsm9ds1_angular_rate_raw_get	32	static
../Core/Src/lsm9ds1_reg.c:1312:9:lsm9ds1_acceleration_raw_get	32	static
../Core/Src/lsm9ds1_reg.c:1337:9:lsm9ds1_magnetic_raw_get	32	static
../Core/Src/lsm9ds1_reg.c:1361:9:lsm9ds1_magnetic_overflow_get	24	static
../Core/Src/lsm9ds1_reg.c:1393:9:lsm9ds1_dev_id_get	32	static
../Core/Src/lsm9ds1_reg.c:1417:9:lsm9ds1_dev_status_get	32	static
../Core/Src/lsm9ds1_reg.c:1444:9:lsm9ds1_dev_reset_set	40	static
../Core/Src/lsm9ds1_reg.c:1487:9:lsm9ds1_dev_reset_get	40	static
../Core/Src/lsm9ds1_reg.c:1517:9:lsm9ds1_dev_data_format_set	40	static
../Core/Src/lsm9ds1_reg.c:1560:9:lsm9ds1_dev_data_format_get	40	static
../Core/Src/lsm9ds1_reg.c:1604:9:lsm9ds1_dev_boot_set	40	static
../Core/Src/lsm9ds1_reg.c:1647:9:lsm9ds1_dev_boot_get	40	static
../Core/Src/lsm9ds1_reg.c:1689:9:lsm9ds1_gy_filter_reference_set	24	static
../Core/Src/lsm9ds1_reg.c:1707:9:lsm9ds1_gy_filter_reference_get	24	static
../Core/Src/lsm9ds1_reg.c:1725:9:lsm9ds1_gy_filter_lp_bandwidth_set	24	static
../Core/Src/lsm9ds1_reg.c:1752:9:lsm9ds1_gy_filter_lp_bandwidth_get	24	static
../Core/Src/lsm9ds1_reg.c:1795:9:lsm9ds1_gy_filter_out_path_set	32	static
../Core/Src/lsm9ds1_reg.c:1836:9:lsm9ds1_gy_filter_out_path_get	32	static
../Core/Src/lsm9ds1_reg.c:1886:9:lsm9ds1_gy_filter_int_path_set	32	static
../Core/Src/lsm9ds1_reg.c:1927:9:lsm9ds1_gy_filter_int_path_get	32	static
../Core/Src/lsm9ds1_reg.c:1977:9:lsm9ds1_gy_filter_hp_bandwidth_set	24	static
../Core/Src/lsm9ds1_reg.c:2004:9:lsm9ds1_gy_filter_hp_bandwidth_get	24	static
../Core/Src/lsm9ds1_reg.c:2071:9:lsm9ds1_xl_filter_aalias_bandwidth_set	24	static
../Core/Src/lsm9ds1_reg.c:2099:9:lsm9ds1_xl_filter_aalias_bandwidth_get	24	static
../Core/Src/lsm9ds1_reg.c:2146:9:lsm9ds1_xl_filter_int_path_set	24	static
../Core/Src/lsm9ds1_reg.c:2173:9:lsm9ds1_xl_filter_int_path_get	24	static
../Core/Src/lsm9ds1_reg.c:2208:9:lsm9ds1_xl_filter_out_path_set	24	static
../Core/Src/lsm9ds1_reg.c:2235:9:lsm9ds1_xl_filter_out_path_get	24	static
../Core/Src/lsm9ds1_reg.c:2271:9:lsm9ds1_xl_filter_lp_bandwidth_set	24	static
../Core/Src/lsm9ds1_reg.c:2300:9:lsm9ds1_xl_filter_lp_bandwidth_get	24	static
../Core/Src/lsm9ds1_reg.c:2348:9:lsm9ds1_xl_filter_hp_bandwidth_set	24	static
../Core/Src/lsm9ds1_reg.c:2376:9:lsm9ds1_xl_filter_hp_bandwidth_get	24	static
../Core/Src/lsm9ds1_reg.c:2419:9:lsm9ds1_filter_settling_mask_set	24	static
../Core/Src/lsm9ds1_reg.c:2444:9:lsm9ds1_filter_settling_mask_get	24	static
../Core/Src/lsm9ds1_reg.c:2478:9:lsm9ds1_auto_increment_set	24	static
../Core/Src/lsm9ds1_reg.c:2503:9:lsm9ds1_auto_increment_get	24	static
../Core/Src/lsm9ds1_reg.c:2523:9:lsm9ds1_spi_mode_set	40	static
../Core/Src/lsm9ds1_reg.c:2566:9:lsm9ds1_spi_mode_get	40	static
../Core/Src/lsm9ds1_reg.c:2610:9:lsm9ds1_i2c_interface_set	40	static
../Core/Src/lsm9ds1_reg.c:2653:9:lsm9ds1_i2c_interface_get	40	static
../Core/Src/lsm9ds1_reg.c:2709:9:lsm9ds1_pin_logic_set	32	static
../Core/Src/lsm9ds1_reg.c:2750:9:lsm9ds1_pin_logic_get	32	static
../Core/Src/lsm9ds1_reg.c:2792:9:lsm9ds1_pin_int1_route_set	24	static
../Core/Src/lsm9ds1_reg.c:2824:9:lsm9ds1_pin_int1_route_get	24	static
../Core/Src/lsm9ds1_reg.c:2851:9:lsm9ds1_pin_int2_route_set	24	static
../Core/Src/lsm9ds1_reg.c:2882:9:lsm9ds1_pin_int2_route_get	24	static
../Core/Src/lsm9ds1_reg.c:2909:9:lsm9ds1_pin_notification_set	40	static
../Core/Src/lsm9ds1_reg.c:2966:9:lsm9ds1_pin_notification_get	40	static
../Core/Src/lsm9ds1_reg.c:3015:9:lsm9ds1_pin_mode_set	24	static
../Core/Src/lsm9ds1_reg.c:3039:9:lsm9ds1_pin_mode_get	24	static
../Core/Src/lsm9ds1_reg.c:3072:9:lsm9ds1_pin_int_m_route_set	24	static
../Core/Src/lsm9ds1_reg.c:3097:9:lsm9ds1_pin_int_m_route_get	24	static
../Core/Src/lsm9ds1_reg.c:3118:9:lsm9ds1_pin_polarity_set	40	static
../Core/Src/lsm9ds1_reg.c:3161:9:lsm9ds1_pin_polarity_get	40	static
../Core/Src/lsm9ds1_reg.c:3218:9:lsm9ds1_xl_trshld_axis_set	24	static
../Core/Src/lsm9ds1_reg.c:3251:9:lsm9ds1_xl_trshld_axis_get	24	static
../Core/Src/lsm9ds1_reg.c:3277:9:lsm9ds1_xl_trshld_set	24	static
../Core/Src/lsm9ds1_reg.c:3294:9:lsm9ds1_xl_trshld_get	24	static
../Core/Src/lsm9ds1_reg.c:3311:9:lsm9ds1_xl_trshld_min_sample_set	24	static
../Core/Src/lsm9ds1_reg.c:3349:9:lsm9ds1_xl_trshld_min_sample_get	24	static
../Core/Src/lsm9ds1_reg.c:3370:9:lsm9ds1_gy_trshld_src_get	24	static
../Core/Src/lsm9ds1_reg.c:3397:9:lsm9ds1_xl_trshld_src_get	24	static
../Core/Src/lsm9ds1_reg.c:3425:9:lsm9ds1_gy_trshld_axis_set	24	static
../Core/Src/lsm9ds1_reg.c:3458:9:lsm9ds1_gy_trshld_axis_get	24	static
../Core/Src/lsm9ds1_reg.c:3484:9:lsm9ds1_gy_trshld_mode_set	24	static
../Core/Src/lsm9ds1_reg.c:3511:9:lsm9ds1_gy_trshld_mode_get	24	static
../Core/Src/lsm9ds1_reg.c:3546:9:lsm9ds1_gy_trshld_x_set	32	static
../Core/Src/lsm9ds1_reg.c:3586:9:lsm9ds1_gy_trshld_x_get	32	static
../Core/Src/lsm9ds1_reg.c:3617:9:lsm9ds1_gy_trshld_y_set	32	static
../Core/Src/lsm9ds1_reg.c:3657:9:lsm9ds1_gy_trshld_y_get	32	static
../Core/Src/lsm9ds1_reg.c:3687:9:lsm9ds1_gy_trshld_z_set	32	static
../Core/Src/lsm9ds1_reg.c:3727:9:lsm9ds1_gy_trshld_z_get	32	static
../Core/Src/lsm9ds1_reg.c:3757:9:lsm9ds1_gy_trshld_min_sample_set	24	static
../Core/Src/lsm9ds1_reg.c:3794:9:lsm9ds1_gy_trshld_min_sample_get	24	static
../Core/Src/lsm9ds1_reg.c:3815:9:lsm9ds1_mag_trshld_axis_set	24	static
../Core/Src/lsm9ds1_reg.c:3842:9:lsm9ds1_mag_trshld_axis_get	24	static
../Core/Src/lsm9ds1_reg.c:3864:9:lsm9ds1_mag_trshld_src_get	24	static
../Core/Src/lsm9ds1_reg.c:3890:9:lsm9ds1_mag_trshld_get	32	static
../Core/Src/lsm9ds1_reg.c:3933:9:lsm9ds1_act_threshold_set	24	static
../Core/Src/lsm9ds1_reg.c:3957:9:lsm9ds1_act_threshold_get	24	static
../Core/Src/lsm9ds1_reg.c:3976:9:lsm9ds1_act_mode_set	32	static
../Core/Src/lsm9ds1_reg.c:4013:9:lsm9ds1_act_mode_get	32	static
../Core/Src/lsm9ds1_reg.c:4053:9:lsm9ds1_act_duration_set	24	static
../Core/Src/lsm9ds1_reg.c:4070:9:lsm9ds1_act_duration_get	24	static
../Core/Src/lsm9ds1_reg.c:4087:9:lsm9ds1_act_src_get	24	static
../Core/Src/lsm9ds1_reg.c:4134:9:lsm9ds1_6d_mode_set	32	static
../Core/Src/lsm9ds1_reg.c:4175:9:lsm9ds1_6d_mode_get	32	static
../Core/Src/lsm9ds1_reg.c:4229:9:lsm9ds1_6d_threshold_set	24	static
../Core/Src/lsm9ds1_reg.c:4246:9:lsm9ds1_6d_threshold_get	24	static
../Core/Src/lsm9ds1_reg.c:4263:9:lsm9ds1_6d_src_get	24	static
../Core/Src/lsm9ds1_reg.c:4303:9:lsm9ds1_fifo_stop_on_wtm_set	24	static
../Core/Src/lsm9ds1_reg.c:4328:9:lsm9ds1_fifo_stop_on_wtm_get	24	static
../Core/Src/lsm9ds1_reg.c:4347:9:lsm9ds1_fifo_mode_set	32	static
../Core/Src/lsm9ds1_reg.c:4384:9:lsm9ds1_fifo_mode_get	32	static
../Core/Src/lsm9ds1_reg.c:4440:9:lsm9ds1_fifo_temp_batch_set	24	static
../Core/Src/lsm9ds1_reg.c:4464:9:lsm9ds1_fifo_temp_batch_get	24	static
../Core/Src/lsm9ds1_reg.c:4483:9:lsm9ds1_fifo_watermark_set	24	static
../Core/Src/lsm9ds1_reg.c:4507:9:lsm9ds1_fifo_watermark_get	24	static
../Core/Src/lsm9ds1_reg.c:4526:9:lsm9ds1_fifo_full_flag_get	24	static
../Core/Src/lsm9ds1_reg.c:4545:9:lsm9ds1_fifo_data_level_get	24	static
../Core/Src/lsm9ds1_reg.c:4564:9:lsm9ds1_fifo_ovr_flag_get	24	static
../Core/Src/lsm9ds1_reg.c:4583:9:lsm9ds1_fifo_wtm_flag_get	24	static
../Core/Src/lsm9ds1_reg.c:4615:9:lsm9ds1_xl_self_test_set	24	static
../Core/Src/lsm9ds1_reg.c:4641:9:lsm9ds1_xl_self_test_get	24	static
../Core/Src/lsm9ds1_reg.c:4661:9:lsm9ds1_gy_self_test_set	24	static
../Core/Src/lsm9ds1_reg.c:4687:9:lsm9ds1_gy_self_test_get	24	static
../Core/Src/lsm9ds1_reg.c:4707:9:lsm9ds1_mag_self_test_set	24	static
../Core/Src/lsm9ds1_reg.c:4733:9:lsm9ds1_mag_self_test_get	24	static
