../Core/Src/sd_functions.c:34:6:SDCyclicInit	16	static
../Core/Src/sd_functions.c:56:6:SDCyclicAddLine	24	static
../Core/Src/sd_functions.c:72:6:SDCyclicFlush	840	static
../Core/Src/sd_functions.c:124:5:sd_get_space_kb	40	static
../Core/Src/sd_functions.c:138:5:sd_mount	16	static
../Core/Src/sd_functions.c:201:5:sd_unmount	24	static
../Core/Src/sd_functions.c:208:5:sd_write_file	592	static
../Core/Src/sd_functions.c:220:5:sd_append_file	592	static
../Core/Src/sd_functions.c:238:5:sd_read_file	600	static
../Core/Src/sd_functions.c:273:5:sd_read_csv	744	static
../Core/Src/sd_functions.c:316:5:sd_delete_file	24	static
../Core/Src/sd_functions.c:322:5:sd_rename_file	24	static
../Core/Src/sd_functions.c:328:9:sd_create_directory	24	static
../Core/Src/sd_functions.c:334:6:sd_list_directory_recursive	624	static
../Core/Src/sd_functions.c:363:6:sd_list_files	8	static
../Core/Src/sd_functions.c:369:9:sd_send_file_over_uart	904	static
